// Jest Snapshot v1, https://goo.gl/fbAQLP

exports[`PriceTable should render table with currency data 1`] = `
<table
  class="sc-bdVaJa zfbnR"
>
  <thead
    class="sc-bwzfXH eLxnQL"
  >
    <tr
      class="sc-htpNat ngmkp"
    >
      <th
        class="sc-bxivhb fvlChS"
      >
        Currency
      </th>
      <th
        class="sc-bxivhb fvlChS"
      >
        Date
      </th>
      <th
        class="sc-bxivhb fvlChS"
      >
        Time
      </th>
      <th
        class="sc-bxivhb ihKVfE"
      >
        Price
      </th>
    </tr>
  </thead>
  <tbody
    class="sc-ifAKCX eRQhwu"
  >
    <tr
      class="sc-htpNat ngmkp"
      data-testid="table-row"
    >
      <td
        class="sc-EHOje jVTQFx"
      >
        BTC
      </td>
      <td
        class="sc-EHOje jVTQFx"
      >
        20180507
      </td>
      <td
        class="sc-EHOje jVTQFx"
      >
        0915
      </td>
      <td
        class="sc-EHOje lkukOB"
      >
        34.98
      </td>
    </tr>
    <tr
      class="sc-htpNat ngmkp"
      data-testid="table-row"
    >
      <td
        class="sc-EHOje jVTQFx"
      >
        BTC
      </td>
      <td
        class="sc-EHOje jVTQFx"
      >
        20180507
      </td>
      <td
        class="sc-EHOje jVTQFx"
      >
        1045
      </td>
      <td
        class="sc-EHOje lkukOB"
      >
        36.13
      </td>
    </tr>
    <tr
      class="sc-htpNat ngmkp"
      data-testid="table-row"
    >
      <td
        class="sc-EHOje jVTQFx"
      >
        BTC
      </td>
      <td
        class="sc-EHOje jVTQFx"
      >
        20180507
      </td>
      <td
        class="sc-EHOje jVTQFx"
      >
        1230
      </td>
      <td
        class="sc-EHOje lkukOB"
      >
        37.01
      </td>
    </tr>
    <tr
      class="sc-htpNat ngmkp"
      data-testid="table-row"
    >
      <td
        class="sc-EHOje jVTQFx"
      >
        BTC
      </td>
      <td
        class="sc-EHOje jVTQFx"
      >
        20180507
      </td>
      <td
        class="sc-EHOje jVTQFx"
      >
        1400
      </td>
      <td
        class="sc-EHOje lkukOB"
      >
        35.98
      </td>
    </tr>
    <tr
      class="sc-htpNat ngmkp"
      data-testid="table-row"
    >
      <td
        class="sc-EHOje jVTQFx"
      >
        BTC
      </td>
      <td
        class="sc-EHOje jVTQFx"
      >
        20180507
      </td>
      <td
        class="sc-EHOje jVTQFx"
      >
        1530
      </td>
      <td
        class="sc-EHOje lkukOB"
      >
        33.56
      </td>
    </tr>
  </tbody>
</table>
`;
